// CHECK: ^All tests
// CHECK: ^ .*\.xctest
// CHECK: ^  ListTests.FirstTestCase
// CHECK: ^   test_foo
// CHECK: ^   test_bar
// CHECK: ^  ListTests.SecondTestCase
// CHECK: ^   test_someMore
// CHECK: ^   test_allTheThings